// Vitest Snapshot v1, https://vitest.dev/guide/snapshot.html

exports[`bind static parameters 1`] = `
{
  "orderBy": [
    [
      "id",
      "asc",
    ],
  ],
  "related": [
    {
      "correlation": {
        "childField": "userID",
        "op": "=",
        "parentField": "id",
      },
      "subquery": {
        "alias": "userStates",
        "related": undefined,
        "table": "userStates",
        "where": {
          "field": "stateCode",
          "op": "=",
          "type": "simple",
          "value": "HI",
        },
      },
    },
  ],
  "table": "users",
  "where": {
    "field": "id",
    "op": "=",
    "type": "simple",
    "value": 1,
  },
}
`;
